# conflicting fonts provided by google-fonts-ttf-20190605_2
amiri-font	/usr/share/fonts/TTF/Amiri-Bold.ttf
amiri-font	/usr/share/fonts/TTF/Amiri-Regular.ttf
font-b612	/usr/share/fonts/TTF/B612-Bold.ttf
font-b612	/usr/share/fonts/TTF/B612-BoldItalic.ttf
font-b612	/usr/share/fonts/TTF/B612-Italic.ttf
font-b612	/usr/share/fonts/TTF/B612-Regular.ttf
font-b612	/usr/share/fonts/TTF/B612Mono-Bold.ttf
font-b612	/usr/share/fonts/TTF/B612Mono-BoldItalic.ttf
font-b612	/usr/share/fonts/TTF/B612Mono-Italic.ttf
font-b612	/usr/share/fonts/TTF/B612Mono-Regular.ttf
font-fira-ttf	/usr/share/fonts/TTF/FiraMono-Bold.ttf
font-fira-ttf	/usr/share/fonts/TTF/FiraMono-Medium.ttf
font-fira-ttf	/usr/share/fonts/TTF/FiraMono-Regular.ttf
font-fira-ttf	/usr/share/fonts/TTF/FiraSans-Bold.ttf
font-fira-ttf	/usr/share/fonts/TTF/FiraSans-BoldItalic.ttf
font-fira-ttf	/usr/share/fonts/TTF/FiraSans-ExtraBold.ttf
font-fira-ttf	/usr/share/fonts/TTF/FiraSans-ExtraBoldItalic.ttf
font-fira-ttf	/usr/share/fonts/TTF/FiraSans-ExtraLight.ttf
font-fira-ttf	/usr/share/fonts/TTF/FiraSans-ExtraLightItalic.ttf
font-fira-ttf	/usr/share/fonts/TTF/FiraSans-Italic.ttf
font-fira-ttf	/usr/share/fonts/TTF/FiraSans-Light.ttf
font-fira-ttf	/usr/share/fonts/TTF/FiraSans-LightItalic.ttf
font-fira-ttf	/usr/share/fonts/TTF/FiraSans-Medium.ttf
font-fira-ttf	/usr/share/fonts/TTF/FiraSans-MediumItalic.ttf
font-fira-ttf	/usr/share/fonts/TTF/FiraSans-Regular.ttf
font-fira-ttf	/usr/share/fonts/TTF/FiraSans-SemiBold.ttf
font-fira-ttf	/usr/share/fonts/TTF/FiraSans-SemiBoldItalic.ttf
font-fira-ttf	/usr/share/fonts/TTF/FiraSans-Thin.ttf
font-fira-ttf	/usr/share/fonts/TTF/FiraSans-ThinItalic.ttf
font-ibm-plex-ttf	/usr/share/fonts/TTF/IBMPlexMono-Bold.ttf
font-ibm-plex-ttf	/usr/share/fonts/TTF/IBMPlexMono-BoldItalic.ttf
font-ibm-plex-ttf	/usr/share/fonts/TTF/IBMPlexMono-ExtraLight.ttf
font-ibm-plex-ttf	/usr/share/fonts/TTF/IBMPlexMono-ExtraLightItalic.ttf
font-ibm-plex-ttf	/usr/share/fonts/TTF/IBMPlexMono-Italic.ttf
font-ibm-plex-ttf	/usr/share/fonts/TTF/IBMPlexMono-Light.ttf
font-ibm-plex-ttf	/usr/share/fonts/TTF/IBMPlexMono-LightItalic.ttf
font-ibm-plex-ttf	/usr/share/fonts/TTF/IBMPlexMono-Medium.ttf
font-ibm-plex-ttf	/usr/share/fonts/TTF/IBMPlexMono-MediumItalic.ttf
font-ibm-plex-ttf	/usr/share/fonts/TTF/IBMPlexMono-Regular.ttf
font-ibm-plex-ttf	/usr/share/fonts/TTF/IBMPlexMono-SemiBold.ttf
font-ibm-plex-ttf	/usr/share/fonts/TTF/IBMPlexMono-SemiBoldItalic.ttf
font-ibm-plex-ttf	/usr/share/fonts/TTF/IBMPlexMono-Thin.ttf
font-ibm-plex-ttf	/usr/share/fonts/TTF/IBMPlexMono-ThinItalic.ttf
font-ibm-plex-ttf	/usr/share/fonts/TTF/IBMPlexSans-Bold.ttf
font-ibm-plex-ttf	/usr/share/fonts/TTF/IBMPlexSans-BoldItalic.ttf
font-ibm-plex-ttf	/usr/share/fonts/TTF/IBMPlexSans-ExtraLight.ttf
font-ibm-plex-ttf	/usr/share/fonts/TTF/IBMPlexSans-ExtraLightItalic.ttf
font-ibm-plex-ttf	/usr/share/fonts/TTF/IBMPlexSans-Italic.ttf
font-ibm-plex-ttf	/usr/share/fonts/TTF/IBMPlexSans-Light.ttf
font-ibm-plex-ttf	/usr/share/fonts/TTF/IBMPlexSans-LightItalic.ttf
font-ibm-plex-ttf	/usr/share/fonts/TTF/IBMPlexSans-Medium.ttf
font-ibm-plex-ttf	/usr/share/fonts/TTF/IBMPlexSans-MediumItalic.ttf
font-ibm-plex-ttf	/usr/share/fonts/TTF/IBMPlexSans-Regular.ttf
font-ibm-plex-ttf	/usr/share/fonts/TTF/IBMPlexSans-SemiBold.ttf
font-ibm-plex-ttf	/usr/share/fonts/TTF/IBMPlexSans-SemiBoldItalic.ttf
font-ibm-plex-ttf	/usr/share/fonts/TTF/IBMPlexSans-Thin.ttf
font-ibm-plex-ttf	/usr/share/fonts/TTF/IBMPlexSans-ThinItalic.ttf
font-ibm-plex-ttf	/usr/share/fonts/TTF/IBMPlexSansCondensed-Bold.ttf
font-ibm-plex-ttf	/usr/share/fonts/TTF/IBMPlexSansCondensed-BoldItalic.ttf
font-ibm-plex-ttf	/usr/share/fonts/TTF/IBMPlexSansCondensed-ExtraLight.ttf
font-ibm-plex-ttf	/usr/share/fonts/TTF/IBMPlexSansCondensed-ExtraLightItalic.ttf
font-ibm-plex-ttf	/usr/share/fonts/TTF/IBMPlexSansCondensed-Italic.ttf
font-ibm-plex-ttf	/usr/share/fonts/TTF/IBMPlexSansCondensed-Light.ttf
font-ibm-plex-ttf	/usr/share/fonts/TTF/IBMPlexSansCondensed-LightItalic.ttf
font-ibm-plex-ttf	/usr/share/fonts/TTF/IBMPlexSansCondensed-Medium.ttf
font-ibm-plex-ttf	/usr/share/fonts/TTF/IBMPlexSansCondensed-MediumItalic.ttf
font-ibm-plex-ttf	/usr/share/fonts/TTF/IBMPlexSansCondensed-Regular.ttf
font-ibm-plex-ttf	/usr/share/fonts/TTF/IBMPlexSansCondensed-SemiBold.ttf
font-ibm-plex-ttf	/usr/share/fonts/TTF/IBMPlexSansCondensed-SemiBoldItalic.ttf
font-ibm-plex-ttf	/usr/share/fonts/TTF/IBMPlexSansCondensed-Thin.ttf
font-ibm-plex-ttf	/usr/share/fonts/TTF/IBMPlexSansCondensed-ThinItalic.ttf
font-ibm-plex-ttf	/usr/share/fonts/TTF/IBMPlexSerif-Bold.ttf
font-ibm-plex-ttf	/usr/share/fonts/TTF/IBMPlexSerif-BoldItalic.ttf
font-ibm-plex-ttf	/usr/share/fonts/TTF/IBMPlexSerif-ExtraLight.ttf
font-ibm-plex-ttf	/usr/share/fonts/TTF/IBMPlexSerif-ExtraLightItalic.ttf
font-ibm-plex-ttf	/usr/share/fonts/TTF/IBMPlexSerif-Italic.ttf
font-ibm-plex-ttf	/usr/share/fonts/TTF/IBMPlexSerif-Light.ttf
font-ibm-plex-ttf	/usr/share/fonts/TTF/IBMPlexSerif-LightItalic.ttf
font-ibm-plex-ttf	/usr/share/fonts/TTF/IBMPlexSerif-Medium.ttf
font-ibm-plex-ttf	/usr/share/fonts/TTF/IBMPlexSerif-MediumItalic.ttf
font-ibm-plex-ttf	/usr/share/fonts/TTF/IBMPlexSerif-Regular.ttf
font-ibm-plex-ttf	/usr/share/fonts/TTF/IBMPlexSerif-SemiBold.ttf
font-ibm-plex-ttf	/usr/share/fonts/TTF/IBMPlexSerif-SemiBoldItalic.ttf
font-ibm-plex-ttf	/usr/share/fonts/TTF/IBMPlexSerif-Thin.ttf
font-ibm-plex-ttf	/usr/share/fonts/TTF/IBMPlexSerif-ThinItalic.ttf
font-manjari	/usr/share/fonts/TTF/Manjari-Bold.ttf
font-manjari	/usr/share/fonts/TTF/Manjari-Regular.ttf
font-manjari	/usr/share/fonts/TTF/Manjari-Thin.ttf
font-material-design-icons-ttf	/usr/share/fonts/TTF/MaterialIcons-Regular.ttf
font-vollkorn-ttf	/usr/share/fonts/TTF/Vollkorn-Italic.ttf
font-vollkorn-ttf	/usr/share/fonts/TTF/Vollkorn-Regular.ttf
fonts-croscore-ttf	/usr/share/fonts/TTF/Arimo-Bold.ttf
fonts-croscore-ttf	/usr/share/fonts/TTF/Arimo-BoldItalic.ttf
fonts-croscore-ttf	/usr/share/fonts/TTF/Arimo-Italic.ttf
fonts-croscore-ttf	/usr/share/fonts/TTF/Arimo-Regular.ttf
fonts-croscore-ttf	/usr/share/fonts/TTF/Cousine-Bold.ttf
fonts-croscore-ttf	/usr/share/fonts/TTF/Cousine-BoldItalic.ttf
fonts-croscore-ttf	/usr/share/fonts/TTF/Cousine-Italic.ttf
fonts-croscore-ttf	/usr/share/fonts/TTF/Cousine-Regular.ttf
fonts-croscore-ttf	/usr/share/fonts/TTF/Tinos-Bold.ttf
fonts-croscore-ttf	/usr/share/fonts/TTF/Tinos-BoldItalic.ttf
fonts-croscore-ttf	/usr/share/fonts/TTF/Tinos-Italic.ttf
fonts-croscore-ttf	/usr/share/fonts/TTF/Tinos-Regular.ttf
fonts-roboto-ttf	/usr/share/fonts/TTF/Roboto-Black.ttf
fonts-roboto-ttf	/usr/share/fonts/TTF/Roboto-BlackItalic.ttf
fonts-roboto-ttf	/usr/share/fonts/TTF/Roboto-Bold.ttf
fonts-roboto-ttf	/usr/share/fonts/TTF/Roboto-BoldItalic.ttf
fonts-roboto-ttf	/usr/share/fonts/TTF/Roboto-Italic.ttf
fonts-roboto-ttf	/usr/share/fonts/TTF/Roboto-Light.ttf
fonts-roboto-ttf	/usr/share/fonts/TTF/Roboto-LightItalic.ttf
fonts-roboto-ttf	/usr/share/fonts/TTF/Roboto-Medium.ttf
fonts-roboto-ttf	/usr/share/fonts/TTF/Roboto-MediumItalic.ttf
fonts-roboto-ttf	/usr/share/fonts/TTF/Roboto-Regular.ttf
fonts-roboto-ttf	/usr/share/fonts/TTF/Roboto-Thin.ttf
fonts-roboto-ttf	/usr/share/fonts/TTF/Roboto-ThinItalic.ttf
fonts-roboto-ttf	/usr/share/fonts/TTF/RobotoCondensed-Bold.ttf
fonts-roboto-ttf	/usr/share/fonts/TTF/RobotoCondensed-BoldItalic.ttf
fonts-roboto-ttf	/usr/share/fonts/TTF/RobotoCondensed-Italic.ttf
fonts-roboto-ttf	/usr/share/fonts/TTF/RobotoCondensed-Light.ttf
fonts-roboto-ttf	/usr/share/fonts/TTF/RobotoCondensed-LightItalic.ttf
fonts-roboto-ttf	/usr/share/fonts/TTF/RobotoCondensed-Regular.ttf
ttf-material-icons	/usr/share/fonts/TTF/MaterialIcons-Regular.ttf
